producer_class	xtools.gsea.Gsea
producer_timestamp	1790593386287
param	zip_report	false
param	num	100
param	scoring_scheme	weighted
param	norm	meandiv
param	out	/home/zwc/computational-workflows-2026/day_01/work/c6/2374a2bd6cc9626383859e584ece3a/.
param	mode	Max_probe
param	include_only_symbols	true
param	set_max	500
param	gmx	treatment_mCherry_hND6__SRP254919.mh.all.v2022.1.Mm.symbols.mh.all.v2022.1.Mm.symbols.gmt
param	plot_top_x	20
param	nperm	1000
param	order	descending
param	rnd_seed	10
param	rpt_label	treatment_mCherry_hND6__SRP254919.mh.all.v2022.1.Mm.symbols
param	set_min	15
param	res	/home/zwc/computational-workflows-2026/day_01/work/c6/2374a2bd6cc9626383859e584ece3a/treatment_mCherry_hND6__SRP254919.mh.all.v2022.1.Mm.symbols.treatment_mCherry_hND6__SRP254919.gct
param	chip	treatment_mCherry_hND6__SRP254919.mh.all.v2022.1.Mm.symbols.treatment_mCherry_hND6__SRP254919.chip
param	create_svgs	false
param	cls	treatment_mCherry_hND6__SRP254919.mh.all.v2022.1.Mm.symbols.treatment_mCherry_hND6__SRP254919.cls#hND6_versus_mCherry
param	sort	real
param	create_gcts	false
param	help	false
param	save_rnd_lists	false
param	median	false
param	metric	Signal2Noise
param	make_sets	true
param	rnd_type	no_balance
param	gui	false
param	permute	phenotype
param	collapse	Collapse

file	./treatment_mCherry_hND6__SRP254919.mh.all.v2022.1.Mm.symbols.Gsea/treatment_mCherry_hND6__SRP254919.mh.all.v2022.1.Mm.symbols.index.html
