#0 building with "default" instance using docker driver

#1 [internal] load build definition from my_dockerfile
#1 transferring dockerfile: 881B done
#1 DONE 0.0s

#2 [internal] load metadata for docker.io/library/debian:bullseye-slim
#2 DONE 0.4s

#3 [internal] load .dockerignore
#3 transferring context: 2B done
#3 DONE 0.0s

#4 [1/2] FROM docker.io/library/debian:bullseye-slim@sha256:e5b6442dd2e9684cf5e87d8338b5968f3b348636fc0be6d7850a381e3731a2bd
#4 resolve docker.io/library/debian:bullseye-slim@sha256:e5b6442dd2e9684cf5e87d8338b5968f3b348636fc0be6d7850a381e3731a2bd 0.0s done
#4 CACHED

#5 [2/2] RUN apt-get update     && apt-get install -y --no-install-recommends curl cowsay     && rm -rf /var/lib/apt/lists/*
#5 0.207 Get:1 http://deb.debian.org/debian bullseye InRelease [75.1 kB]
#5 0.219 Get:2 http://deb.debian.org/debian-security bullseye-security InRelease [27.1 kB]
#5 0.228 Get:3 http://deb.debian.org/debian bullseye-updates InRelease [44.0 kB]
#5 0.318 Get:4 http://deb.debian.org/debian bullseye/main amd64 Packages [8066 kB]
#5 0.658 Get:5 http://deb.debian.org/debian-security bullseye-security/main amd64 Packages [475 kB]
#5 0.676 Get:6 http://deb.debian.org/debian bullseye-updates/main amd64 Packages [18.8 kB]
#5 1.212 Fetched 8706 kB in 1s (8529 kB/s)
#5 1.212 Reading package lists...
#5 1.427 Reading package lists...
#5 1.669 Building dependency tree...
#5 1.704 Reading state information...
#5 1.757 The following additional packages will be installed:
#5 1.757   libbrotli1 libcurl4 libgdbm-compat4 libgdbm6 libldap-2.4-2 libnghttp2-14
#5 1.757   libperl5.32 libpsl5 librtmp1 libsasl2-2 libsasl2-modules-db libssh2-1
#5 1.757   libtext-charwidth-perl perl perl-modules-5.32
#5 1.757 Suggested packages:
#5 1.757   filters cowsay-off gdbm-l10n sensible-utils perl-doc
#5 1.757   libterm-readline-gnu-perl | libterm-readline-perl-perl make
#5 1.757   libtap-harness-archive-perl
#5 1.757 Recommended packages:
#5 1.757   ca-certificates libldap-common publicsuffix libsasl2-modules netbase
#5 1.800 The following NEW packages will be installed:
#5 1.800   cowsay curl libbrotli1 libcurl4 libgdbm-compat4 libgdbm6 libldap-2.4-2
#5 1.800   libnghttp2-14 libperl5.32 libpsl5 librtmp1 libsasl2-2 libsasl2-modules-db
#5 1.800   libssh2-1 libtext-charwidth-perl perl perl-modules-5.32
#5 1.822 0 upgraded, 17 newly installed, 0 to remove and 0 not upgraded.
#5 1.822 Need to get 9017 kB of archives.
#5 1.822 After this operation, 51.1 MB of additional disk space will be used.
#5 1.822 Err:1 http://deb.debian.org/debian-security bullseye-security/main amd64 perl-modules-5.32 all 5.32.1-4+deb11u5
#5 1.822   404  Not Found [IP: 146.75.118.132 80]
#5 1.830 Get:2 http://deb.debian.org/debian bullseye/main amd64 libgdbm6 amd64 1.19-2 [64.9 kB]
#5 1.841 Get:3 http://deb.debian.org/debian bullseye/main amd64 libgdbm-compat4 amd64 1.19-2 [44.7 kB]
#5 1.843 Err:4 http://deb.debian.org/debian-security bullseye-security/main amd64 libperl5.32 amd64 5.32.1-4+deb11u5
#5 1.843   404  Not Found [IP: 146.75.118.132 80]
#5 1.843 Err:5 http://deb.debian.org/debian-security bullseye-security/main amd64 perl amd64 5.32.1-4+deb11u5
#5 1.843   404  Not Found [IP: 146.75.118.132 80]
#5 1.843 Get:6 http://deb.debian.org/debian bullseye/main amd64 libtext-charwidth-perl amd64 0.04-10+b1 [10.6 kB]
#5 1.843 Get:7 http://deb.debian.org/debian bullseye/main amd64 cowsay all 3.03+dfsg2-8 [21.4 kB]
#5 1.844 Get:8 http://deb.debian.org/debian bullseye/main amd64 libbrotli1 amd64 1.0.9-2+b2 [279 kB]
#5 1.875 Get:9 http://deb.debian.org/debian bullseye/main amd64 libsasl2-modules-db amd64 2.1.27+dfsg-2.1+deb11u1 [69.1 kB]
#5 1.892 Get:10 http://deb.debian.org/debian bullseye/main amd64 libsasl2-2 amd64 2.1.27+dfsg-2.1+deb11u1 [106 kB]
#5 1.937 Get:11 http://deb.debian.org/debian bullseye/main amd64 libldap-2.4-2 amd64 2.4.57+dfsg-3+deb11u1 [232 kB]
#5 2.043 Err:12 http://deb.debian.org/debian-security bullseye-security/main amd64 libnghttp2-14 amd64 1.43.0-1+deb11u3
#5 2.043   404  Not Found [IP: 146.75.118.132 80]
#5 2.043 Get:13 http://deb.debian.org/debian bullseye/main amd64 libpsl5 amd64 0.21.0-1.2 [57.3 kB]
#5 2.057 Get:14 http://deb.debian.org/debian bullseye/main amd64 librtmp1 amd64 2.4+20151223.gitfa8646d.1-2+b2 [60.8 kB]
#5 2.074 Get:15 http://deb.debian.org/debian bullseye/main amd64 libssh2-1 amd64 1.9.0-2+deb11u1 [156 kB]
#5 2.103 Err:16 http://deb.debian.org/debian-security bullseye-security/main amd64 libcurl4 amd64 7.74.0-1.3+deb11u16
#5 2.103   404  Not Found [IP: 146.75.118.132 80]
#5 2.103 Err:17 http://deb.debian.org/debian-security bullseye-security/main amd64 curl amd64 7.74.0-1.3+deb11u16
#5 2.103   404  Not Found [IP: 146.75.118.132 80]
#5 2.107 E: Failed to fetch http://deb.debian.org/debian-security/pool/updates/main/p/perl/perl-modules-5.32_5.32.1-4%2bdeb11u5_all.deb  404  Not Found [IP: 146.75.118.132 80]
#5 2.107 E: Failed to fetch http://deb.debian.org/debian-security/pool/updates/main/p/perl/libperl5.32_5.32.1-4%2bdeb11u5_amd64.deb  404  Not Found [IP: 146.75.118.132 80]
#5 2.107 E: Failed to fetch http://deb.debian.org/debian-security/pool/updates/main/p/perl/perl_5.32.1-4%2bdeb11u5_amd64.deb  404  Not Found [IP: 146.75.118.132 80]
#5 2.107 E: Failed to fetch http://deb.debian.org/debian-security/pool/updates/main/n/nghttp2/libnghttp2-14_1.43.0-1%2bdeb11u3_amd64.deb  404  Not Found [IP: 146.75.118.132 80]
#5 2.107 E: Failed to fetch http://deb.debian.org/debian-security/pool/updates/main/c/curl/libcurl4_7.74.0-1.3%2bdeb11u16_amd64.deb  404  Not Found [IP: 146.75.118.132 80]
#5 2.107 E: Failed to fetch http://deb.debian.org/debian-security/pool/updates/main/c/curl/curl_7.74.0-1.3%2bdeb11u16_amd64.deb  404  Not Found [IP: 146.75.118.132 80]
#5 2.107 E: Unable to fetch some archives, maybe run apt-get update or try with --fix-missing?
#5 2.107 Fetched 1101 kB in 0s (3670 kB/s)
#5 ERROR: process "/bin/sh -c apt-get update     && apt-get install -y --no-install-recommends curl cowsay     && rm -rf /var/lib/apt/lists/*" did not complete successfully: exit code: 100
------
 > [2/2] RUN apt-get update     && apt-get install -y --no-install-recommends curl cowsay     && rm -rf /var/lib/apt/lists/*:
2.103 Err:17 http://deb.debian.org/debian-security bullseye-security/main amd64 curl amd64 7.74.0-1.3+deb11u16
2.103   404  Not Found [IP: 146.75.118.132 80]
2.107 E: Failed to fetch http://deb.debian.org/debian-security/pool/updates/main/p/perl/perl-modules-5.32_5.32.1-4%2bdeb11u5_all.deb  404  Not Found [IP: 146.75.118.132 80]
2.107 E: Failed to fetch http://deb.debian.org/debian-security/pool/updates/main/p/perl/libperl5.32_5.32.1-4%2bdeb11u5_amd64.deb  404  Not Found [IP: 146.75.118.132 80]
2.107 E: Failed to fetch http://deb.debian.org/debian-security/pool/updates/main/p/perl/perl_5.32.1-4%2bdeb11u5_amd64.deb  404  Not Found [IP: 146.75.118.132 80]
2.107 E: Failed to fetch http://deb.debian.org/debian-security/pool/updates/main/n/nghttp2/libnghttp2-14_1.43.0-1%2bdeb11u3_amd64.deb  404  Not Found [IP: 146.75.118.132 80]
2.107 E: Failed to fetch http://deb.debian.org/debian-security/pool/updates/main/c/curl/libcurl4_7.74.0-1.3%2bdeb11u16_amd64.deb  404  Not Found [IP: 146.75.118.132 80]
2.107 E: Failed to fetch http://deb.debian.org/debian-security/pool/updates/main/c/curl/curl_7.74.0-1.3%2bdeb11u16_amd64.deb  404  Not Found [IP: 146.75.118.132 80]
2.107 E: Unable to fetch some archives, maybe run apt-get update or try with --fix-missing?
2.107 Fetched 1101 kB in 0s (3670 kB/s)
------
my_dockerfile:10
--------------------
   9 |     # !TODO: add the command that is run to install the dependencies for the image. In this case, it should be updating the package list and installing curl and cowsay.
  10 | >>> RUN apt-get update \
  11 | >>>     && apt-get install -y --no-install-recommends curl cowsay \
  12 | >>>     && rm -rf /var/lib/apt/lists/*
  13 |     
--------------------
ERROR: failed to build: failed to solve: process "/bin/sh -c apt-get update     && apt-get install -y --no-install-recommends curl cowsay     && rm -rf /var/lib/apt/lists/*" did not complete successfully: exit code: 100
