R version 4.1.3 (2022-03-10)
Platform: x86_64-conda-linux-gnu (64-bit)
Running under: Ubuntu 24.04.1 LTS

Matrix products: default
BLAS/LAPACK: /opt/conda/lib/libopenblasp-r0.3.30.so

locale:
 [1] LC_CTYPE=C.UTF-8       LC_NUMERIC=C           LC_TIME=C.UTF-8       
 [4] LC_COLLATE=C.UTF-8     LC_MONETARY=C.UTF-8    LC_MESSAGES=C.UTF-8   
 [7] LC_PAPER=C.UTF-8       LC_NAME=C              LC_ADDRESS=C          
[10] LC_TELEPHONE=C         LC_MEASUREMENT=C.UTF-8 LC_IDENTIFICATION=C   

attached base packages:
[1] stats4    stats     graphics  grDevices utils     datasets  methods  
[8] base     

other attached packages:
 [1] limma_3.50.0                BiocParallel_1.28.3        
 [3] DESeq2_1.34.0               SummarizedExperiment_1.24.0
 [5] Biobase_2.54.0              MatrixGenerics_1.6.0       
 [7] matrixStats_1.0.0           GenomicRanges_1.46.1       
 [9] GenomeInfoDb_1.30.1         IRanges_2.28.0             
[11] S4Vectors_0.32.4            BiocGenerics_0.40.0        

loaded via a namespace (and not attached):
 [1] Rcpp_1.0.10            locfit_1.5-9.7         invgamma_1.1          
 [4] lattice_0.21-8         png_0.1-8              Biostrings_2.62.0     
 [7] utf8_1.2.3             truncnorm_1.0-9        R6_2.5.1              
[10] RSQLite_2.3.1          httr_1.4.6             ggplot2_3.4.2         
[13] pillar_1.9.0           zlibbioc_1.40.0        rlang_1.1.1           
[16] irlba_2.3.5.1          annotate_1.72.0        blob_1.2.4            
[19] Matrix_1.5-4.1         splines_4.1.3          geneplotter_1.72.0    
[22] RCurl_1.98-1.12        bit_4.0.5              munsell_0.5.0         
[25] mixsqp_0.3-48          DelayedArray_0.20.0    compiler_4.1.3        
[28] pkgconfig_2.0.3        SQUAREM_2021.1         KEGGREST_1.34.0       
[31] tibble_3.2.1           GenomeInfoDbData_1.2.7 XML_3.99-0.14         
[34] fansi_1.0.4            crayon_1.5.2           bitops_1.0-7          
[37] grid_4.1.3             xtable_1.8-4           gtable_0.3.3          
[40] lifecycle_1.0.3        DBI_1.1.3              magrittr_2.0.3        
[43] scales_1.2.1           cli_3.6.1              cachem_1.0.8          
[46] XVector_0.34.0         genefilter_1.76.0      vctrs_0.6.2           
[49] RColorBrewer_1.1-3     tools_4.1.3            bit64_4.0.5           
[52] glue_1.6.2             parallel_4.1.3         fastmap_1.1.1         
[55] survival_3.5-5         AnnotationDbi_1.56.2   colorspace_2.1-0      
[58] ashr_2.2-54            memoise_2.0.1         
